type octile
height 37
width 39
map
.......................................
.......................................
@a@a@a@a@a@a@a@a@a@a@a@a@a@a@a@a@a@a@a@
@a@a@a@a@a@a@a@a@a@a@a@a@a@a@a@a@a@a@a@
@a@a@a@a@a@a@a@a@a@a@a@a@a@a@a@a@a@a@a@
@a@a@a@a@a@a@a@a@a@a@a@a@a@a@a@a@a@a@a@
@a@a@a@a@a@a@a@a@a@a@a@a@a@a@a@a@a@a@a@
@a@a@a@a@a@a@a@a@a@a@a@a@a@a@a@a@a@a@a@
@a@a@a@a@a@a@a@a@a@a@a@a@a@a@a@a@a@a@a@
@a@a@a@a@a@a@a@a@a@a@a@a@a@a@a@a@a@a@a@
@a@a@a@a@a@a@a@a@a@a@a@a@a@a@a@a@a@a@a@
@a@a@a@a@a@a@a@a@a@a@a@a@a@a@a@a@a@a@a@
@a@a@a@a@a@a@a@a@a@a@a@a@a@a@a@a@a@a@a@
@a@a@a@a@a@a@a@a@a@a@a@a@a@a@a@a@a@a@a@
@a@a@a@a@a@a@a@a@a@a@a@a@a@a@a@a@a@a@a@
@a@a@a@a@a@a@a@a@a@a@a@a@a@a@a@a@a@a@a@
@a@a@a@a@a@a@a@a@a@a@a@a@a@a@a@a@a@a@a@
@a@a@a@a@a@a@a@a@a@a@a@a@a@a@a@a@a@a@a@
@a@a@a@a@a@a@a@a@a@a@a@a@a@a@a@a@a@a@a@
@a@a@a@a@a@a@a@a@a@a@a@a@a@a@a@a@a@a@a@
@a@a@a@a@a@a@a@a@a@a@a@a@a@a@a@a@a@a@a@
@a@a@a@a@a@a@a@a@a@a@a@a@a@a@a@a@a@a@a@
.......................................
.......................................
.......................................
.......................................
.......................................
@o@@o@@o@@o@@o@@o@@i@@i@@i@@i@@i@@i@@i@
@o@@o@@o@@o@@o@@o@@i@@i@@i@@i@@i@@i@@i@
@o@@o@@o@@o@@o@@o@@i@@i@@i@@i@@i@@i@@i@
@o@@o@@o@@o@@o@@o@@i@@i@@i@@i@@i@@i@@i@
@o@@o@@o@@o@@o@@o@@i@@i@@i@@i@@i@@i@@i@
@r@@r@@r@@r@@r@@r@@r@@r@@r@@r@@r@@r@@r@
@r@@r@@r@@r@@r@@r@@r@@r@@r@@r@@r@@r@@r@
@r@@r@@r@@r@@r@@r@@r@@r@@r@@r@@r@@r@@r@
.......................................
.......................................
