valid_instance=1
mode=lacam
solved=1
makespan=78
loaded_moves=130
free_moves=197
lift_drop=92
anon_moves=18
weighted_soc=437
runtime_ms=23.3363
hl_nodes=63
hl_expanded=49
pibt_calls=1020
validator_rejects=0
g1_rejects=0
generator_failures=0
max_depth=57
guidance_builds=128
tau_time_ms=0
guidance_time_ms=18.1166
upper_epoch_builds=60
pair_cache_hits=44
pair_cache_misses=60
pair_rollout_steps=3356
pair_rollout_truncations=0
pair_rollout_stalls=0
tau_guide_changes_on_upper_move=0
joint_task_nodes=519
joint_task_edges=64
joint_shared_effects=0
joint_effect_conflicts=51
joint_candidate_backtracks=20
joint_paused_roots=0
ready_task_count=844
rho_repairs=240
custody_continuations=155
zero_empty_no_ready=0
rewire_guidance_rebuilds=0
deliverable_ms=23.2808
robot_only_successors=0
manipulation_successors=5
shelf_motion_successors=44
macro_successors=13
macro_steps=78
macro_shelf_motion_successors=10
macro_robot_only_successors=3
rollout_calls=62
rollout_cycles=0
rollout_shelf_motion_steps=59
best_targets_done=11
duplicate_configs=0
timed_out=0
seed=0
mode=lacam
first_solution_ms=21
first_solution_soc=437
best_soc=437
incumbent_updates=1
exact_loops=0
projected_loops=0
bridge_steps=0
plan_steps_removed=0
assignment_restarts=0
assignment_second_solved=0
assignment_improvements=0
assignment_second_solution_ms=-1
assignment_first_soc=-1
assignment_second_soc=-1
assignment_first_makespan=-1
assignment_second_makespan=-1
