valid_instance=1
mode=lacam
solved=1
makespan=46
loaded_moves=105
free_moves=109
lift_drop=36
anon_moves=3
weighted_soc=253
runtime_ms=9.52309
hl_nodes=28
hl_expanded=16
pibt_calls=496
validator_rejects=0
g1_rejects=0
generator_failures=0
max_depth=24
guidance_builds=63
tau_time_ms=0
guidance_time_ms=7.93393
upper_epoch_builds=36
pair_cache_hits=14
pair_cache_misses=36
pair_rollout_steps=1748
pair_rollout_truncations=0
pair_rollout_stalls=0
tau_guide_changes_on_upper_move=0
joint_task_nodes=250
joint_task_edges=10
joint_shared_effects=0
joint_effect_conflicts=10
joint_candidate_backtracks=0
joint_paused_roots=0
ready_task_count=393
rho_repairs=64
custody_continuations=121
zero_empty_no_ready=0
rewire_guidance_rebuilds=0
deliverable_ms=9.48292
robot_only_successors=0
manipulation_successors=2
shelf_motion_successors=14
macro_successors=11
macro_steps=46
macro_shelf_motion_successors=9
macro_robot_only_successors=2
rollout_calls=27
rollout_cycles=0
rollout_shelf_motion_steps=35
best_targets_done=11
duplicate_configs=0
timed_out=0
seed=0
mode=lacam
first_solution_ms=9
first_solution_soc=253
best_soc=253
incumbent_updates=1
exact_loops=0
projected_loops=0
bridge_steps=0
plan_steps_removed=0
assignment_restarts=0
assignment_second_solved=0
assignment_improvements=0
assignment_second_solution_ms=-1
assignment_first_soc=-1
assignment_second_soc=-1
assignment_first_makespan=-1
assignment_second_makespan=-1
