valid_instance=1
mode=lacam
solved=1
makespan=211
loaded_moves=93
free_moves=249
lift_drop=72
anon_moves=12
weighted_soc=426
runtime_ms=85.6449
hl_nodes=236
hl_expanded=300
pibt_calls=6217
validator_rejects=0
g1_rejects=0
generator_failures=5
max_depth=234
guidance_builds=673
tau_time_ms=0
guidance_time_ms=46.1091
upper_epoch_builds=51
pair_cache_hits=173
pair_cache_misses=51
pair_rollout_steps=559
pair_rollout_truncations=0
pair_rollout_stalls=0
tau_guide_changes_on_upper_move=0
joint_task_nodes=192
joint_task_edges=16
joint_shared_effects=0
joint_effect_conflicts=72
joint_candidate_backtracks=1
joint_paused_roots=0
ready_task_count=747
rho_repairs=538
custody_continuations=45
zero_empty_no_ready=0
rewire_guidance_rebuilds=0
deliverable_ms=85.6036
robot_only_successors=68
manipulation_successors=49
shelf_motion_successors=58
macro_successors=60
macro_steps=497
macro_shelf_motion_successors=44
macro_robot_only_successors=16
rollout_calls=235
rollout_cycles=0
rollout_shelf_motion_steps=165
best_targets_done=11
duplicate_configs=194
timed_out=0
seed=0
mode=lacam
first_solution_ms=74
first_solution_soc=674
best_soc=426
incumbent_updates=1
exact_loops=3
projected_loops=3
bridge_steps=130
plan_steps_removed=151
assignment_restarts=0
assignment_second_solved=0
assignment_improvements=0
assignment_second_solution_ms=-1
assignment_first_soc=-1
assignment_second_soc=-1
assignment_first_makespan=-1
assignment_second_makespan=-1
