valid_instance=1
mode=lacam
solved=1
makespan=27
loaded_moves=37
free_moves=95
lift_drop=26
anon_moves=0
weighted_soc=158
runtime_ms=5.23048
hl_nodes=18
hl_expanded=11
pibt_calls=306
validator_rejects=0
g1_rejects=0
generator_failures=0
max_depth=16
guidance_builds=39
tau_time_ms=0
guidance_time_ms=3.958
upper_epoch_builds=18
pair_cache_hits=8
pair_cache_misses=18
pair_rollout_steps=273
pair_rollout_truncations=0
pair_rollout_stalls=0
tau_guide_changes_on_upper_move=0
joint_task_nodes=120
joint_task_edges=0
joint_shared_effects=0
joint_effect_conflicts=171
joint_candidate_backtracks=0
joint_paused_roots=0
ready_task_count=238
rho_repairs=37
custody_continuations=40
zero_empty_no_ready=0
rewire_guidance_rebuilds=0
deliverable_ms=5.18998
robot_only_successors=0
manipulation_successors=3
shelf_motion_successors=8
macro_successors=6
macro_steps=27
macro_shelf_motion_successors=5
macro_robot_only_successors=1
rollout_calls=17
rollout_cycles=0
rollout_shelf_motion_steps=17
best_targets_done=11
duplicate_configs=0
timed_out=0
seed=0
mode=lacam
first_solution_ms=4
first_solution_soc=158
best_soc=158
incumbent_updates=1
exact_loops=0
projected_loops=0
bridge_steps=0
plan_steps_removed=0
assignment_restarts=0
assignment_second_solved=0
assignment_improvements=0
assignment_second_solution_ms=-1
assignment_first_soc=-1
assignment_second_soc=-1
assignment_first_makespan=-1
assignment_second_makespan=-1
