valid_instance=1
mode=lacam
solved=1
makespan=20
loaded_moves=29
free_moves=59
lift_drop=24
anon_moves=0
weighted_soc=112
runtime_ms=3.54357
hl_nodes=14
hl_expanded=8
pibt_calls=224
validator_rejects=0
g1_rejects=0
generator_failures=0
max_depth=12
guidance_builds=29
tau_time_ms=0
guidance_time_ms=2.67936
upper_epoch_builds=15
pair_cache_hits=6
pair_cache_misses=15
pair_rollout_steps=176
pair_rollout_truncations=0
pair_rollout_stalls=0
tau_guide_changes_on_upper_move=0
joint_task_nodes=82
joint_task_edges=0
joint_shared_effects=0
joint_effect_conflicts=42
joint_candidate_backtracks=0
joint_paused_roots=0
ready_task_count=149
rho_repairs=34
custody_continuations=23
zero_empty_no_ready=0
rewire_guidance_rebuilds=0
deliverable_ms=3.50336
robot_only_successors=0
manipulation_successors=2
shelf_motion_successors=6
macro_successors=5
macro_steps=20
macro_shelf_motion_successors=4
macro_robot_only_successors=1
rollout_calls=13
rollout_cycles=0
rollout_shelf_motion_steps=14
best_targets_done=11
duplicate_configs=0
timed_out=0
seed=0
mode=lacam
first_solution_ms=3
first_solution_soc=112
best_soc=112
incumbent_updates=1
exact_loops=0
projected_loops=0
bridge_steps=0
plan_steps_removed=0
assignment_restarts=0
assignment_second_solved=0
assignment_improvements=0
assignment_second_solution_ms=-1
assignment_first_soc=-1
assignment_second_soc=-1
assignment_first_makespan=-1
assignment_second_makespan=-1
