valid_instance=1
mode=lacam
solved=1
makespan=121
loaded_moves=174
free_moves=291
lift_drop=162
anon_moves=27
weighted_soc=654
runtime_ms=36.6798
hl_nodes=100
hl_expanded=87
pibt_calls=1730
validator_rejects=0
g1_rejects=0
generator_failures=2
max_depth=97
guidance_builds=209
tau_time_ms=0
guidance_time_ms=27.4575
upper_epoch_builds=84
pair_cache_hits=70
pair_cache_misses=84
pair_rollout_steps=5451
pair_rollout_truncations=0
pair_rollout_stalls=0
tau_guide_changes_on_upper_move=0
joint_task_nodes=801
joint_task_edges=140
joint_shared_effects=12
joint_effect_conflicts=114
joint_candidate_backtracks=0
joint_paused_roots=0
ready_task_count=1262
rho_repairs=442
custody_continuations=153
zero_empty_no_ready=0
rewire_guidance_rebuilds=0
deliverable_ms=36.6177
robot_only_successors=1
manipulation_successors=16
shelf_motion_successors=59
macro_successors=23
macro_steps=132
macro_shelf_motion_successors=20
macro_robot_only_successors=3
rollout_calls=99
rollout_cycles=0
rollout_shelf_motion_steps=94
best_targets_done=11
duplicate_configs=10
timed_out=0
seed=0
mode=lacam
first_solution_ms=32
first_solution_soc=672
best_soc=654
incumbent_updates=1
exact_loops=0
projected_loops=1
bridge_steps=3
plan_steps_removed=10
assignment_restarts=0
assignment_second_solved=0
assignment_improvements=0
assignment_second_solution_ms=-1
assignment_first_soc=-1
assignment_second_soc=-1
assignment_first_makespan=-1
assignment_second_makespan=-1
