valid_instance=1
mode=lacam
solved=1
makespan=113
loaded_moves=157
free_moves=436
lift_drop=188
anon_moves=45
weighted_soc=826
runtime_ms=59.0531
hl_nodes=92
hl_expanded=75
pibt_calls=1506
validator_rejects=0
g1_rejects=0
generator_failures=0
max_depth=85
guidance_builds=189
tau_time_ms=0
guidance_time_ms=45.47
upper_epoch_builds=89
pair_cache_hits=67
pair_cache_misses=89
pair_rollout_steps=6809
pair_rollout_truncations=0
pair_rollout_stalls=0
tau_guide_changes_on_upper_move=0
joint_task_nodes=1249
joint_task_edges=366
joint_shared_effects=34
joint_effect_conflicts=87
joint_candidate_backtracks=68
joint_paused_roots=0
ready_task_count=1651
rho_repairs=554
custody_continuations=114
zero_empty_no_ready=0
rewire_guidance_rebuilds=0
deliverable_ms=59.0095
robot_only_successors=0
manipulation_successors=8
shelf_motion_successors=67
macro_successors=16
macro_steps=113
macro_shelf_motion_successors=13
macro_robot_only_successors=3
rollout_calls=91
rollout_cycles=0
rollout_shelf_motion_steps=88
best_targets_done=10
duplicate_configs=0
timed_out=0
seed=0
mode=lacam
first_solution_ms=53
first_solution_soc=826
best_soc=826
incumbent_updates=1
exact_loops=0
projected_loops=0
bridge_steps=0
plan_steps_removed=0
assignment_restarts=0
assignment_second_solved=0
assignment_improvements=0
assignment_second_solution_ms=-1
assignment_first_soc=-1
assignment_second_soc=-1
assignment_first_makespan=-1
assignment_second_makespan=-1
