valid_instance=1
mode=lacam
solved=1
makespan=199
loaded_moves=316
free_moves=749
lift_drop=406
anon_moves=91
weighted_soc=1562
runtime_ms=108.726
hl_nodes=181
hl_expanded=164
pibt_calls=2912
validator_rejects=0
g1_rejects=0
generator_failures=0
max_depth=179
guidance_builds=364
tau_time_ms=0
guidance_time_ms=86.8034
upper_epoch_builds=164
pair_cache_hits=141
pair_cache_misses=164
pair_rollout_steps=21912
pair_rollout_truncations=0
pair_rollout_stalls=0
tau_guide_changes_on_upper_move=0
joint_task_nodes=2535
joint_task_edges=869
joint_shared_effects=81
joint_effect_conflicts=1366
joint_candidate_backtracks=70
joint_paused_roots=0
ready_task_count=3394
rho_repairs=1233
custody_continuations=211
zero_empty_no_ready=0
rewire_guidance_rebuilds=0
deliverable_ms=108.678
robot_only_successors=0
manipulation_successors=23
shelf_motion_successors=141
macro_successors=16
macro_steps=199
macro_shelf_motion_successors=14
macro_robot_only_successors=2
rollout_calls=180
rollout_cycles=0
rollout_shelf_motion_steps=163
best_targets_done=11
duplicate_configs=0
timed_out=0
seed=0
mode=lacam
first_solution_ms=100
first_solution_soc=1562
best_soc=1562
incumbent_updates=1
exact_loops=0
projected_loops=0
bridge_steps=0
plan_steps_removed=0
assignment_restarts=0
assignment_second_solved=0
assignment_improvements=0
assignment_second_solution_ms=-1
assignment_first_soc=-1
assignment_second_soc=-1
assignment_first_makespan=-1
assignment_second_makespan=-1
