valid_instance=1
mode=lacam
solved=1
makespan=30
loaded_moves=46
free_moves=103
lift_drop=26
anon_moves=4
weighted_soc=179
runtime_ms=188.367
hl_nodes=17
hl_expanded=9
pibt_calls=312
validator_rejects=0
g1_rejects=0
generator_failures=0
max_depth=14
guidance_builds=40
tau_time_ms=0
guidance_time_ms=184.997
upper_epoch_builds=25
pair_cache_hits=9
pair_cache_misses=25
pair_rollout_steps=535
pair_rollout_truncations=0
pair_rollout_stalls=0
tau_guide_changes_on_upper_move=0
joint_task_nodes=160
joint_task_edges=2
joint_shared_effects=1
joint_effect_conflicts=608
joint_candidate_backtracks=113
joint_paused_roots=3
ready_task_count=191
rho_repairs=59
custody_continuations=48
zero_empty_no_ready=0
rewire_guidance_rebuilds=0
deliverable_ms=188.322
robot_only_successors=0
manipulation_successors=0
shelf_motion_successors=9
macro_successors=7
macro_steps=30
macro_shelf_motion_successors=6
macro_robot_only_successors=1
rollout_calls=16
rollout_cycles=0
rollout_shelf_motion_steps=24
best_targets_done=9
duplicate_configs=0
timed_out=0
seed=0
mode=lacam
first_solution_ms=187
first_solution_soc=179
best_soc=179
incumbent_updates=1
exact_loops=0
projected_loops=0
bridge_steps=0
plan_steps_removed=0
assignment_restarts=0
assignment_second_solved=0
assignment_improvements=0
assignment_second_solution_ms=-1
assignment_first_soc=-1
assignment_second_soc=-1
assignment_first_makespan=-1
assignment_second_makespan=-1
