valid_instance=1
mode=lacam
solved=1
makespan=29
loaded_moves=33
free_moves=100
lift_drop=26
anon_moves=3
weighted_soc=162
runtime_ms=34.7892
hl_nodes=15
hl_expanded=7
pibt_calls=288
validator_rejects=0
g1_rejects=0
generator_failures=0
max_depth=11
guidance_builds=37
tau_time_ms=0
guidance_time_ms=32.0323
upper_epoch_builds=21
pair_cache_hits=4
pair_cache_misses=21
pair_rollout_steps=297
pair_rollout_truncations=0
pair_rollout_stalls=0
tau_guide_changes_on_upper_move=0
joint_task_nodes=124
joint_task_edges=3
joint_shared_effects=0
joint_effect_conflicts=481
joint_candidate_backtracks=41
joint_paused_roots=0
ready_task_count=199
rho_repairs=37
custody_continuations=27
zero_empty_no_ready=0
rewire_guidance_rebuilds=0
deliverable_ms=34.7452
robot_only_successors=0
manipulation_successors=3
shelf_motion_successors=4
macro_successors=7
macro_steps=29
macro_shelf_motion_successors=6
macro_robot_only_successors=1
rollout_calls=14
rollout_cycles=0
rollout_shelf_motion_steps=20
best_targets_done=8
duplicate_configs=0
timed_out=0
seed=0
mode=lacam
first_solution_ms=33
first_solution_soc=162
best_soc=162
incumbent_updates=1
exact_loops=0
projected_loops=0
bridge_steps=0
plan_steps_removed=0
assignment_restarts=0
assignment_second_solved=0
assignment_improvements=0
assignment_second_solution_ms=-1
assignment_first_soc=-1
assignment_second_soc=-1
assignment_first_makespan=-1
assignment_second_makespan=-1
