valid_instance=1
mode=lacam
solved=1
makespan=24
loaded_moves=43
free_moves=86
lift_drop=24
anon_moves=0
weighted_soc=153
runtime_ms=32.8361
hl_nodes=15
hl_expanded=7
pibt_calls=240
validator_rejects=0
g1_rejects=0
generator_failures=0
max_depth=14
guidance_builds=31
tau_time_ms=0
guidance_time_ms=31.5615
upper_epoch_builds=20
pair_cache_hits=6
pair_cache_misses=20
pair_rollout_steps=378
pair_rollout_truncations=0
pair_rollout_stalls=0
tau_guide_changes_on_upper_move=0
joint_task_nodes=142
joint_task_edges=6
joint_shared_effects=6
joint_effect_conflicts=483
joint_candidate_backtracks=8
joint_paused_roots=1
ready_task_count=159
rho_repairs=38
custody_continuations=42
zero_empty_no_ready=0
rewire_guidance_rebuilds=0
deliverable_ms=32.794
robot_only_successors=0
manipulation_successors=1
shelf_motion_successors=6
macro_successors=7
macro_steps=23
macro_shelf_motion_successors=6
macro_robot_only_successors=1
rollout_calls=13
rollout_cycles=0
rollout_shelf_motion_steps=19
best_targets_done=12
duplicate_configs=0
timed_out=0
seed=0
mode=lacam
first_solution_ms=32
first_solution_soc=153
best_soc=153
incumbent_updates=1
exact_loops=0
projected_loops=0
bridge_steps=0
plan_steps_removed=0
assignment_restarts=0
assignment_second_solved=0
assignment_improvements=0
assignment_second_solution_ms=-1
assignment_first_soc=-1
assignment_second_soc=-1
assignment_first_makespan=-1
assignment_second_makespan=-1
