valid_instance=1
mode=lacam
solved=1
makespan=21
loaded_moves=25
free_moves=83
lift_drop=24
anon_moves=0
weighted_soc=132
runtime_ms=36.4892
hl_nodes=15
hl_expanded=9
pibt_calls=234
validator_rejects=0
g1_rejects=0
generator_failures=0
max_depth=14
guidance_builds=30
tau_time_ms=0
guidance_time_ms=33.767
upper_epoch_builds=17
pair_cache_hits=7
pair_cache_misses=17
pair_rollout_steps=228
pair_rollout_truncations=0
pair_rollout_stalls=0
tau_guide_changes_on_upper_move=0
joint_task_nodes=115
joint_task_edges=0
joint_shared_effects=0
joint_effect_conflicts=623
joint_candidate_backtracks=57
joint_paused_roots=0
ready_task_count=157
rho_repairs=37
custody_continuations=18
zero_empty_no_ready=0
rewire_guidance_rebuilds=0
deliverable_ms=36.446
robot_only_successors=0
manipulation_successors=2
shelf_motion_successors=7
macro_successors=5
macro_steps=20
macro_shelf_motion_successors=4
macro_robot_only_successors=1
rollout_calls=13
rollout_cycles=0
rollout_shelf_motion_steps=16
best_targets_done=12
duplicate_configs=0
timed_out=0
seed=0
mode=lacam
first_solution_ms=35
first_solution_soc=132
best_soc=132
incumbent_updates=1
exact_loops=0
projected_loops=0
bridge_steps=0
plan_steps_removed=0
assignment_restarts=0
assignment_second_solved=0
assignment_improvements=0
assignment_second_solution_ms=-1
assignment_first_soc=-1
assignment_second_soc=-1
assignment_first_makespan=-1
assignment_second_makespan=-1
