valid_instance=1
mode=lacam
solved=1
makespan=22
loaded_moves=37
free_moves=67
lift_drop=24
anon_moves=0
weighted_soc=128
runtime_ms=91.2382
hl_nodes=15
hl_expanded=8
pibt_calls=232
validator_rejects=0
g1_rejects=0
generator_failures=0
max_depth=14
guidance_builds=30
tau_time_ms=0
guidance_time_ms=88.8435
upper_epoch_builds=17
pair_cache_hits=6
pair_cache_misses=17
pair_rollout_steps=260
pair_rollout_truncations=0
pair_rollout_stalls=0
tau_guide_changes_on_upper_move=0
joint_task_nodes=112
joint_task_edges=0
joint_shared_effects=0
joint_effect_conflicts=332
joint_candidate_backtracks=67
joint_paused_roots=0
ready_task_count=150
rho_repairs=33
custody_continuations=33
zero_empty_no_ready=0
rewire_guidance_rebuilds=0
deliverable_ms=91.1973
robot_only_successors=0
manipulation_successors=2
shelf_motion_successors=6
macro_successors=6
macro_steps=21
macro_shelf_motion_successors=5
macro_robot_only_successors=1
rollout_calls=13
rollout_cycles=0
rollout_shelf_motion_steps=16
best_targets_done=12
duplicate_configs=0
timed_out=0
seed=0
mode=lacam
first_solution_ms=90
first_solution_soc=128
best_soc=128
incumbent_updates=1
exact_loops=0
projected_loops=0
bridge_steps=0
plan_steps_removed=0
assignment_restarts=0
assignment_second_solved=0
assignment_improvements=0
assignment_second_solution_ms=-1
assignment_first_soc=-1
assignment_second_soc=-1
assignment_first_makespan=-1
assignment_second_makespan=-1
