valid_instance=1
mode=lacam
solved=1
makespan=24
loaded_moves=29
free_moves=73
lift_drop=24
anon_moves=0
weighted_soc=126
runtime_ms=58.1966
hl_nodes=14
hl_expanded=7
pibt_calls=248
validator_rejects=0
g1_rejects=0
generator_failures=0
max_depth=10
guidance_builds=32
tau_time_ms=0
guidance_time_ms=56.6931
upper_epoch_builds=15
pair_cache_hits=6
pair_cache_misses=15
pair_rollout_steps=198
pair_rollout_truncations=0
pair_rollout_stalls=0
tau_guide_changes_on_upper_move=0
joint_task_nodes=96
joint_task_edges=0
joint_shared_effects=0
joint_effect_conflicts=227
joint_candidate_backtracks=6
joint_paused_roots=0
ready_task_count=150
rho_repairs=35
custody_continuations=26
zero_empty_no_ready=0
rewire_guidance_rebuilds=0
deliverable_ms=58.1558
robot_only_successors=0
manipulation_successors=1
shelf_motion_successors=6
macro_successors=6
macro_steps=24
macro_shelf_motion_successors=4
macro_robot_only_successors=2
rollout_calls=13
rollout_cycles=0
rollout_shelf_motion_steps=14
best_targets_done=9
duplicate_configs=0
timed_out=0
seed=0
mode=lacam
first_solution_ms=57
first_solution_soc=126
best_soc=126
incumbent_updates=1
exact_loops=0
projected_loops=0
bridge_steps=0
plan_steps_removed=0
assignment_restarts=0
assignment_second_solved=0
assignment_improvements=0
assignment_second_solution_ms=-1
assignment_first_soc=-1
assignment_second_soc=-1
assignment_first_makespan=-1
assignment_second_makespan=-1
